// Jest Snapshot v1, https://goo.gl/fbAQLP

exports[`<Application /> should match snapshot 1`] = `
<div>
  <div
    class="circle"
  />
  <div
    class="message"
  >
    COMING SOON
  </div>
</div>
`;
